Command line invocation:
    /Applications/Xcode.app/Contents/Developer/usr/bin/xcodebuild -scheme Overture -destination platform=macOS test -parallel-testing-enabled YES -parallel-testing-worker-count 12
Testing started
Test case 'DeepLinkSchemeRegistrationTests/schemeMatchesTheAppsOwnInfoPlistRegistration()' passed on 'My Mac - Overture (63823)' (0.032 seconds)
Test case 'PerformerMatchLockPairingGuardTests/theOnlyPlaceThatRecordsARejectionAlsoReleasesTheLock()' passed on 'My Mac - Overture (63823)' (0.013 seconds)
Test case 'PerformerMatchLockPairingGuardTests/theOnlyPlaceThatTakesTheLockAlsoClearsTheRejection()' passed on 'My Mac - Overture (63823)' (0.014 seconds)
Test case 'DraftReviewViewVenueMatchTests/aDismissedFlagShowsNoWarning()' passed on 'My Mac - Overture (63823)' (6.352 seconds)
Test case 'PerformerMatchPrecisionCheckTests/reportWhatTheMatcherWouldDoToRealPerformers()' skipped on 'My Mac - xctest (63822)' (0.004 seconds)
Test case 'OrgIdentityAgreementTests/liveBracketedPresentersFoldToTheirBareName(_:_:)' passed on 'My Mac - xctest (63822)' (0.001 seconds)
Test case 'OrgIdentityAgreementTests/liveBracketedPresentersFoldToTheirBareName(_:_:)' passed on 'My Mac - xctest (63822)' (0.000 seconds)
Test case 'OrgIdentityAgreementTests/liveBracketedPresentersFoldToTheirBareName(_:_:)' passed on 'My Mac - xctest (63822)' (0.001 seconds)
Test case 'OrgIdentityAgreementTests/liveBracketedPresentersFoldToTheirBareName(_:_:)' passed on 'My Mac - xctest (63822)' (0.000 seconds)
Test case 'OrgIdentityAgreementTests/liveBracketedPresentersFoldToTheirBareName(_:_:)' passed on 'My Mac - xctest (63822)' (0.000 seconds)
Test case 'OrgIdentityAgreementTests/theFoldIsIdempotent(_:)' passed on 'My Mac - xctest (63822)' (0.000 seconds)
Test case 'OrgIdentityAgreementTests/theFoldIsIdempotent(_:)' passed on 'My Mac - xctest (63822)' (0.000 seconds)
Test case 'OrgIdentityAgreementTests/theFoldIsIdempotent(_:)' passed on 'My Mac - xctest (63822)' (0.001 seconds)
Test case 'OrgIdentityAgreementTests/theFoldIsIdempotent(_:)' passed on 'My Mac - xctest (63822)' (0.002 seconds)
Test case 'PerformerMatchPrecisionCheckTests/reportWhatTheMatcherWouldDoToRealPerformers()' skipped on 'My Mac - xctest (63822)' (0.004 seconds)
Test case 'SourceFetcherPaginationTests/aCalendarWeCannotPageThroughNamesItsMonthsAndStillFetchesOnce()' failed on 'My Mac - xctest (63822)' (66.714 seconds)
Test case 'SourceFetcherPaginationTests/aPageWithNoMonthIndexIsFetchedOnceEvenWithAHorizon()' failed on 'My Mac - xctest (63822)' (66.713 seconds)
Test case 'SourceFetcherPaginationTests/fetchWithNoHorizonReadsExactlyOnePage()' failed on 'My Mac - xctest (63822)' (66.720 seconds)
Test case 'LoopbackListenerTests/bindsSuccessfullyWithinAnExplicitTimeout()' failed on 'My Mac - xctest (63822)' (71.230 seconds)
Test case 'DetachedRunActivityTests/aStartedRunWakesAWaitingWatcher()' failed on 'My Mac - xctest (63822)' (60.000 seconds)
Test case 'CleartextFallbackTests/aBrokenHandshakeOnAStoredHttpAddressIsRetriedInTheClear()' failed on 'My Mac - xctest (87134)' (0.009 seconds)
Test case 'SourceFetcherTests/fetchesAPageAndNormalizesIt()' failed on 'My Mac - xctest (87134)' (0.598 seconds)
Test case 'CleartextFallbackTests/theAppNeverOpensCleartextToEverything()' passed on 'My Mac - xctest (87134)' (0.001 seconds)
Test case 'MalformedResponseAtEachSiteTests/anUnreadableThreadIsNotReadAsDanHavingAlreadyAnswered()' passed on 'My Mac - xctest (87134)' (0.002 seconds)
Test case 'MalformedResponseAtEachSiteTests/anUnreadableThreadIsNotReadAsNoBounce()' passed on 'My Mac - xctest (87134)' (0.000 seconds)
Test case 'MalformedResponseAtEachSiteTests/anUnreadableSearchPageIsNotAnEmptyMailbox()' passed on 'My Mac - xctest (87134)' (0.000 seconds)
Test case 'MalformedResponseAtEachSiteTests/anUnreadableSendAsListYieldsNoSignature()' passed on 'My Mac - xctest (87134)' (0.000 seconds)
Test case 'MalformedResponseAtEachSiteTests/anUnreadableCalendarIsNotACalendarWithNoShows()' passed on 'My Mac - xctest (87134)' (0.000 seconds)
Test case 'MalformedResponseAtEachSiteTests/amalformedCalendarPageIsCountedAgainstItsEndpoint()' passed on 'My Mac - xctest (87134)' (0.000 seconds)
Test case 'CarnegieExtractorTests/throwsOnHTTPError()' passed on 'My Mac - xctest (87134)' (0.008 seconds)
Test case 'CleartextFallbackTests/aPageReadInTheClearIsMarkedAsSuch()' passed on 'My Mac - xctest (87134)' (0.001 seconds)
Test case 'CleartextFallbackTests/anOrdinarySecureReadIsNotMarked()' passed on 'My Mac - xctest (87134)' (0.001 seconds)
Test case 'CleartextFallbackTests/whenBothSchemesFailTheHonestErrorSurvives()' passed on 'My Mac - xctest (87134)' (0.001 seconds)
Test case 'CleartextFallbackTests/aCleartextRetryThatAnswersWithAnErrorIsStillAFailure()' passed on 'My Mac - xctest (87134)' (0.001 seconds)
Test case 'MalformedResponseAtEachSiteTests/amalformedGmailThreadIsCountedAgain2026-08-29 17:13:23.726 xcodebuild[38063:244596147] [MT] IDETestOperationsObserverDebug: 95.447 elapsed -- Testing started completed.
Failing tests:
	LoopbackListenerTests.bindsSuccessfullyWithinAnExplicitTimeout()
	LoopbackListenerTests.bindsToARealNonZeroPort()
	DetachedRunActivityTests.aStartedRunWakesAWaitingWatcher()
	SourceFetcherPaginationTests.fetchWithNoHorizonReadsExactlyOnePage()
	SourceFetcherPaginationTests.aMonthThatCannotBeReadIsNamedRatherThanSilentlyMissing()
	SourceFetcherPaginationTests.aPageWithNoMonthIndexIsFetchedOnceEvenWithAHorizon()
	SourceFetcherPaginationTests.aCalendarWeCannotPageThroughNamesItsMonthsAndStillFetchesOnce()
	SourceFetcherTests.fetchesAPageAndNormalizesIt()
	SourceFetcherTests.fetchesAPageAndNormalizesIt()
	SourceFetcherTests.fetchesAPageAndNormalizesIt()
	SourceFetcherTests.fetchesAPageAndNormalizesIt()
	CleartextFallbackTests.aBrokenHandshakeOnAStoredHttpAddressIsRetriedInTheClear()

** TEST FAILED **
